// Jest Snapshot v1, https://goo.gl/fbAQLP

exports[`zos-files delete zfs command definition should not have changed 1`] = `
Array [
  Object {
    "aliases": Array [
      "f",
    ],
    "description": "Specify this option to confirm that you want to delete the ZFS permanently.",
    "name": "for-sure",
    "required": true,
    "type": "boolean",
  },
  Object {
    "aliases": Array [
      "i",
      "inf",
    ],
    "description": "Suppress errors if the z/OS file does not exist.",
    "name": "ignore-not-found",
    "required": false,
    "type": "boolean",
  },
]
`;

exports[`zos-files delete zfs command definition should not have changed 2`] = `
Array [
  Object {
    "description": "Delete the z/OS file system 'HLQ.MYNEW.ZFS'",
    "options": "\\"HLQ.MYNEW.ZFS\\" --for-sure",
  },
  Object {
    "description": "Quietly delete a z/OS file, suppressing errors if the file doesn't exist",
    "options": "\\"HLQ.MYNEW.ZFS\\" --for-sure --ignore-not-found",
  },
]
`;
